C51 COMPILER V9.60.0.0   MCU_MAIN                                                          03/11/2020 17:44:09 PAGE 1   


C51 COMPILER V9.60.0.0, COMPILATION OF MODULE MCU_MAIN
OBJECT MODULE PLACED IN .\Objects\MCU_Main.obj
COMPILER INVOKED BY: D:\Keil5\C51\BIN\C51.EXE MCU_Main.c LARGE OPTIMIZE(8,SPEED) BROWSE DEBUG OBJECTEXTEND PRINT(.\Listi
                    -ngs\MCU_Main.lst) TABS(2) OBJECT(.\Objects\MCU_Main.obj)

line level    source

   1          #include  "MCU_Config.h"
   2          
   3          
   4          void LED(void)
   5          {
   6   1          if(INT0_cnt > 65536 ) {INT0_cnt=0;}
   7   1          if(INT1_cnt > 65536 ) {INT0_cnt=0;}
   8   1          if((INT0_cnt % 2==0 )&&(INT0_cnt != 0)) {P55=0;}
   9   1          else {P55=1;}
  10   1          if((INT1_cnt % 2!=0 )&&(INT1_cnt != 0)) {P55=0;}
  11   1          else {P55=1;}
  12   1      }
  13          
  14          void main()
  15          {
  16   1          MCU_Init();
  17   1          Delay_ms(10);
  18   1          EA=1;
  19   1          while(1)
  20   1          {
  21   2                LED();
  22   2          }
  23   1        
  24   1      }


MODULE INFORMATION:   STATIC OVERLAYABLE
   CODE SIZE        =    113    ----
   CONSTANT SIZE    =   ----    ----
   XDATA SIZE       =   ----    ----
   PDATA SIZE       =   ----    ----
   DATA SIZE        =   ----    ----
   IDATA SIZE       =   ----    ----
   BIT SIZE         =   ----    ----
END OF MODULE INFORMATION.


C51 COMPILATION COMPLETE.  0 WARNING(S),  0 ERROR(S)
