C51 COMPILER V9.60.0.0   MCU_COMMONMETHOD                                                  12/14/2020 21:27:57 PAGE 1   


C51 COMPILER V9.60.0.0, COMPILATION OF MODULE MCU_COMMONMETHOD
OBJECT MODULE PLACED IN .\Objects\MCU_CommonMethod.obj
COMPILER INVOKED BY: D:\Keil5\C51\BIN\C51.EXE ..\..\..\..\..\..\Example\MCU_CommonMethod.c LARGE OPTIMIZE(8,SPEED) BROWS
                    -E DEBUG OBJECTEXTEND PRINT(.\Listings\MCU_CommonMethod.lst) TABS(2) OBJECT(.\Objects\MCU_CommonMethod.obj)

line level    source

   1          #include "MCU_CommonMethod.h"
   2          
   3          //========================================================================
   4          // 函数: void Delay_ms(unsigned int time)
   5          // 描述: 软件延时函数
   6          // 参数: time:延时时间
   7          // 返回: 无
   8          // 说明：单片机频率不同，延时效果不同
   9          // 版本: V1.0, 2020.03.09
  10          //========================================================================
  11          void Delay_ms(unsigned int time)
  12          {
  13   1          unsigned int x, y;
  14   1          for(x = time; x > 0; x--)
  15   1              for(y = 110; y > 0; y--);
  16   1      }
  17          //========================================================================
  18          // 函数: void UART_BUF_Init()
  19          // 描述: 初始化串口接收相关参数或设置
  20          // 参数: 无
  21          // 返回: 无
  22          // 说明：此函数主要初始化串口设置参数
  23          // 版本: V1.0, 2020.03.09
  24          //========================================================================
  25          void UART_BUF_Init()
  26          {
  27   1          RX1_len = 0;
  28   1          memset(RX1_Buffer, 0, sizeof(RX1_Buffer));
  29   1      }
  30          //========================================================================
  31          // 函数: unsigned char Calculate_Checksum(unsigned char *Buf,unsigned int Buf_len)
  32          // 描述: 计算校验和
  33          // 参数: *Buf:字符数组,Buf_len:数组实际长度
  34          // 返回: 无
  35          // 说明：无
  36          // 版本: V1.0, 2020.03.09
  37          //========================================================================
  38          unsigned char Calculate_Checksum(unsigned char *Buf, unsigned int Buf_len)
  39          {
  40   1          unsigned char checksum = 0x00;
  41   1          unsigned int i = 0, len = Buf_len;
  42   1          for(i = 2; i < (len - 1); i++) {
  43   2              checksum = checksum + Buf[i];
  44   2          }
  45   1          checksum = checksum % 256;
  46   1          return checksum;
  47   1      }
  48          
  49          //========================================================================
  50          // 函数: unsigned char Check_Protocol(unsigned char *Buf,unsigned int Buf_len)
  51          // 描述: 检验校验和是否一致
  52          // 参数: *Buf:字符数组,Buf_len:数组实际长度
  53          // 返回: 无
  54          // 说明：具体思想为：接收到的BUF，取校验和，计算新的校验和，对比是否一致，若不一致，则数据无效
C51 COMPILER V9.60.0.0   MCU_COMMONMETHOD                                                  12/14/2020 21:27:57 PAGE 2   

  55          // 版本: V1.0, 2020.03.09
  56          //========================================================================
  57          unsigned char Check_Protocol(unsigned char *Buf, unsigned int Buf_len)
  58          {
  59   1          unsigned char Check_protocol_flag = 0;
  60   1          //将原BUF的校验和提取
  61   1          unsigned char old_checksum = 0xFF;
  62   1          unsigned char new_checksum = 0x00;
  63   1          if(Buf_len>0){old_checksum = Buf[Buf_len - 1];}
  64   1          //计算新的校验和并赋值给new_checksum
  65   1          new_checksum = Calculate_Checksum(Buf, Buf_len);
  66   1          //比较原校验和与新校验和是否一致
  67   1          if(new_checksum == old_checksum) {
  68   2              Check_protocol_flag = 1;
  69   2          }
  70   1          return Check_protocol_flag;
  71   1      }


MODULE INFORMATION:   STATIC OVERLAYABLE
   CODE SIZE        =    229    ----
   CONSTANT SIZE    =   ----    ----
   XDATA SIZE       =   ----      12
   PDATA SIZE       =   ----    ----
   DATA SIZE        =   ----    ----
   IDATA SIZE       =   ----    ----
   BIT SIZE         =   ----    ----
END OF MODULE INFORMATION.


C51 COMPILATION COMPLETE.  0 WARNING(S),  0 ERROR(S)
