C51 COMPILER V9.60.0.0   MCU_CONTROL                                                       12/13/2020 19:26:56 PAGE 1   


C51 COMPILER V9.60.0.0, COMPILATION OF MODULE MCU_CONTROL
OBJECT MODULE PLACED IN .\Objects\MCU_Control.obj
COMPILER INVOKED BY: D:\Keil5\C51\BIN\C51.EXE ..\Example\MCU_Control.c LARGE OPTIMIZE(8,SPEED) BROWSE DEBUG OBJECTEXTEND
                    - PRINT(.\Listings\MCU_Control.lst) TABS(2) OBJECT(.\Objects\MCU_Control.obj)

line level    source

   1          #include "MCU_Control.h"
   2          
   3          
   4          //========================================================================
   5          // 函数: void MCU_Application_Control(unsigned char* Buf)
   6          // 描述: MCU控制处理函数
   7          // 参数: 无
   8          // 返回: 无
   9          // 版本: V1.0, 2020.04.24
  10          //========================================================================
  11          void MCU_Application_Control(unsigned char* Buf)
  12          {
  13   1      
  14   1          switch(Buf[9]) {
  15   2          case 0x01:
  16   2              if(Buf[10] == 0x01) {
  17   3                  P14 = 1;
  18   3              } else {
  19   3                  P14 = 0;
  20   3              }
  21   2              break;
  22   2          case 0x02:
  23   2              if(Buf[10] == 0x02) {
  24   3                  P15 = 1;
  25   3              } else {
  26   3                  P15 = 0;
  27   3              }
  28   2              break;
  29   2          case 0x04:
  30   2              if(Buf[10] == 0x04) {
  31   3                  P16 = 1;
  32   3              } else {
  33   3                  P16 = 0;
  34   3              }
  35   2              break;
  36   2          case 0x08:
  37   2              if(Buf[10] == 0x08) {
  38   3                  P17 = 1;
  39   3              } else {
  40   3                  P17 = 0;
  41   3              }
  42   2              break;
  43   2          }
  44   1      }


MODULE INFORMATION:   STATIC OVERLAYABLE
   CODE SIZE        =     86    ----
   CONSTANT SIZE    =   ----    ----
   XDATA SIZE       =   ----    ----
   PDATA SIZE       =   ----    ----
   DATA SIZE        =   ----    ----
   IDATA SIZE       =   ----    ----
   BIT SIZE         =   ----    ----
C51 COMPILER V9.60.0.0   MCU_CONTROL                                                       12/13/2020 19:26:56 PAGE 2   

END OF MODULE INFORMATION.


C51 COMPILATION COMPLETE.  0 WARNING(S),  0 ERROR(S)
