C51 COMPILER V9.60.0.0   MCU_OLED_SHOW                                                     12/03/2020 20:26:16 PAGE 1   


C51 COMPILER V9.60.0.0, COMPILATION OF MODULE MCU_OLED_SHOW
OBJECT MODULE PLACED IN .\Objects\MCU_OLED_Show.obj
COMPILER INVOKED BY: D:\Keil5\C51\BIN\C51.EXE MCU_OLED_Show.c LARGE OPTIMIZE(8,SPEED) BROWSE DEBUG OBJECTEXTEND PRINT(.\
                    -Listings\MCU_OLED_Show.lst) TABS(2) OBJECT(.\Objects\MCU_OLED_Show.obj)

line level    source

   1          #include "MCU_OLED_Show.h"
   2          
   3          //========================================================================
   4          // 函数: void MCU_OLED_StatusChange(unsigned char flag)
   5          // 描述: 手机连接后，MCU控制模块状态显示
   6          // 参数: flag:操作标记位，根据操作符号，更改OLED状态显示
   7          // 返回: 无
   8          // 说明:
   9          // 版本: V1.0, 2020.03.09
  10          //========================================================================
  11          void MCU_OLED_StatusChange(unsigned char flag)
  12          {
  13   1          if(Phone_flag) {
  14   2              if(flag == 0x00) {
  15   3                  OLED_CLS_Local(0, 4, X_WIDTH, Y_WIDTH);
  16   3                  OLED_P6x8Str(6, 4, "L1:0 L2:0 L3:0 L4:0");
  17   3              }
  18   2              if(flag == 0x01 || flag == 0x00) {
  19   3                  if(P14 == 0x01) {
  20   4                      OLED_P6x8Str(24, 4, "1");
  21   4                  } else {
  22   4                      OLED_P6x8Str(24, 4, "0");
  23   4                  }
  24   3              }
  25   2              if(flag == 0x02 || flag == 0x00) {
  26   3                  if(P15 == 0x01) {
  27   4                      OLED_P6x8Str(54, 4, "1");
  28   4                  } else {
  29   4                      OLED_P6x8Str(54, 4, "0");
  30   4                  }
  31   3              }
  32   2              if(flag == 0x04 || flag == 0x00) {
  33   3                  if(P16 == 0x01) {
  34   4                      OLED_P6x8Str(84, 4, "1");
  35   4                  } else {
  36   4                      OLED_P6x8Str(84, 4, "0");
  37   4                  }
  38   3              }
  39   2              if(flag == 0x08 || flag == 0x00) {
  40   3                  if(P17 == 0x01) {
  41   4                      OLED_P6x8Str(114, 4, "1");
  42   4                  } else {
  43   4                      OLED_P6x8Str(114, 4, "0");
  44   4                  }
  45   3              }
  46   2          } else {
  47   2              OLED_CLS_Local(0, 4, X_WIDTH, 6);
  48   2          }
  49   1      }
  50          
  51          
  52          //========================================================================
  53          // 函数: void MCU_WIFI_MessageShow(unsigned char Order,unsigned char Wifi_status_1,unsigned char Wifi_stat
             -us_2)
C51 COMPILER V9.60.0.0   MCU_OLED_SHOW                                                     12/03/2020 20:26:16 PAGE 2   

  54          // 描述: 系统OLED显示函数,主要显示WiFi连接状态
  55          // 参数: Order:WiFi推送状态命令;Wifi_status_1,Wifi_status_2:WiFi状态标记位
  56          // 返回: 无
  57          // 说明:
  58          // 版本: V1.0, 2020.03.09
  59          //========================================================================
  60          void MCU_WIFI_MessageShow(unsigned char Order, unsigned char Wifi_status_1, unsigned char Wifi_status_2)
  61          {
  62   1          //推送wifi状态
  63   1          if(Order == 0x0d) {
  64   2              //清除第三行及以下所有行
  65   2              OLED_CLS_Local(0, 2, X_WIDTH, 4);
  66   2              switch(Wifi_status_2) {
  67   3              //SoftAP模式开启
  68   3              case 0x01:
  69   3                  OLED_P6x8Str(6, 2, "M:A");
  70   3                  break;
  71   3              //Station模式开启
  72   3              case 0x02:
  73   3                  OLED_P6x8Str(6, 2, "M:S");
  74   3                  break;
  75   3              //SoftAP模式开启，开启配置模式,配置使用SoftAP
  76   3              case 0x05:
  77   3                  OLED_P6x8Str(6, 2, "M:A C:S");
  78   3                  break;
  79   3              //Station模式开启，开启配置模式,配置使用AirLink
  80   3              case 0x06:
  81   3                  OLED_P6x8Str(6, 2, "M:S C:A");
  82   3                  break;
  83   3              //Station模式开启，成功连接路由器
  84   3              case 0x12:
  85   3                  OLED_P6x8Str(6, 2, "M:S C:A W:1");
  86   3                  break;
  87   3              //Station模式开启，成功连接路由器，开启绑定模式
  88   3              case 0x1A:
  89   3                  OLED_P6x8Str(6, 2, "M:S C:A W:1");
  90   3                  break;
  91   3              //Station模式开启，成功连接路由器，开启绑定模式，连接上云端
  92   3              case 0x3A:
  93   3                  //Station模式开启，成功连接路由器，开启绑定模式，连接上云端，无手机连接
  94   3                  if(Wifi_status_1 >= 0x00 && Wifi_status_1 <= 0x07 ) {
  95   4                      OLED_P6x8Str(6, 2, "M:S C:A W:1 N:1");
  96   4                  }
  97   3                  //Station模式开启，成功连接路由器，开启绑定模式，连接上云端，有手机连接
  98   3                  if(Wifi_status_1 >= 0x08 && Wifi_status_1 <= 0x0F ) {
  99   4                      OLED_P6x8Str(6, 2, "M:S C:A W:1 N:1 P:1");
 100   4                  }
 101   3                  break;
 102   3              }
 103   2          }
 104   1      }


MODULE INFORMATION:   STATIC OVERLAYABLE
   CODE SIZE        =    412    ----
   CONSTANT SIZE    =     96    ----
   XDATA SIZE       =   ----       3
   PDATA SIZE       =   ----    ----
   DATA SIZE        =   ----    ----
   IDATA SIZE       =   ----    ----
   BIT SIZE         =   ----    ----
END OF MODULE INFORMATION.

C51 COMPILER V9.60.0.0   MCU_OLED_SHOW                                                     12/03/2020 20:26:16 PAGE 3   


C51 COMPILATION COMPLETE.  0 WARNING(S),  0 ERROR(S)
