C51 COMPILER V9.60.0.0   MCU_METHOD                                                        08/08/2020 19:38:27 PAGE 1   


C51 COMPILER V9.60.0.0, COMPILATION OF MODULE MCU_METHOD
OBJECT MODULE PLACED IN .\Objects\MCU_Method.obj
COMPILER INVOKED BY: D:\Keil5\C51\BIN\C51.EXE MCU_Method.c LARGE OPTIMIZE(8,SPEED) BROWSE DEBUG OBJECTEXTEND PRINT(.\Lis
                    -tings\MCU_Method.lst) TABS(2) OBJECT(.\Objects\MCU_Method.obj)

line level    source

   1          #include "MCU_Method.h"
   2          
   3          //========================================================================
   4          // 函数: void Delay_ms(unsigned int time)
   5          // 描述: 软件延时函数
   6          // 参数: time:延时时间
   7          // 返回: 无
   8          // 说明：单片机频率不同，延时效果不同
   9          // 版本: V1.0, 2020.03.09
  10          //========================================================================
  11          void Delay_ms(unsigned int time)
  12          {
  13   1        unsigned int x,y;
  14   1        for(x=time;x>0;x--)
  15   1          for(y=110;y>0;y--);
  16   1      }
  17          //========================================================================
  18          // 函数: void RST_Uart_Timer()
  19          // 描述: 初始化串口接收相关参数或设置
  20          // 参数: 无
  21          // 返回: 无
  22          // 说明：此函数主要初始化串口设置参数
  23          // 版本: V1.0, 2020.03.09
  24          //========================================================================
  25          void RST_Uart_Timer()
  26          {
  27   1          RX1_len=0;
  28   1          memset(RX1_Buffer,0,sizeof(RX1_Buffer));
  29   1          //打开串口接收函数
  30   1          REN=1;
  31   1      }
  32          //========================================================================
  33          // 函数: unsigned char Uart_Pretreatment()
  34          // 描述: 数据接收预处理函数
  35          // 参数: 无
  36          // 返回: 无
  37          // 说明：此函数主要处理，接收字符串，并校验字符串
  38          // 版本: V1.0, 2020.03.09
  39          //========================================================================
  40          unsigned char Uart_Pretreatment()
  41          {
  42   1        //Check_protocol_flag表示接收数据是否有效标记位
  43   1        unsigned char Check_protocol_flag=0;
  44   1        if((RX1_len>0)&&!B_TX1_Busy)
  45   1        {
  46   2            REN=0;
  47   2            //串口2调试输出打印数据
  48   2            Printf(0,RX1_Buffer,RX1_len);
  49   2            Check_protocol_flag=Check_Protocol(RX1_Buffer,RX1_len); 
  50   2            if(!Check_protocol_flag) { RST_Uart_Timer();}
  51   2        }
  52   1        else{RST_Uart_Timer();}
  53   1        return Check_protocol_flag;
  54   1      }
C51 COMPILER V9.60.0.0   MCU_METHOD                                                        08/08/2020 19:38:27 PAGE 2   

  55          
  56          //========================================================================
  57          // 函数: unsigned char Calculate_Checksum(unsigned char *Buf,unsigned int Buf_len)
  58          // 描述: 计算校验和
  59          // 参数: *Buf:字符数组,Buf_len:数组实际长度
  60          // 返回: 无
  61          // 说明：无
  62          // 版本: V1.0, 2020.03.09
  63          //========================================================================
  64          unsigned char Calculate_Checksum(unsigned char *Buf,unsigned int Buf_len)
  65          {
  66   1        unsigned char checksum=0x00;
  67   1        unsigned int i=0,len=Buf_len;
  68   1        for(i=2;i<(len-1);i++)
  69   1        {
  70   2          checksum=checksum+Buf[i];
  71   2        }
  72   1        checksum=checksum%256;
  73   1        return checksum;
  74   1      }
  75          
  76          //========================================================================
  77          // 函数: unsigned char Check_Protocol(unsigned char *Buf,unsigned int Buf_len)
  78          // 描述: 检验校验和是否一致
  79          // 参数: *Buf:字符数组,Buf_len:数组实际长度
  80          // 返回: 无
  81          // 说明：具体思想为：接收到的BUF，取校验和，计算新的校验和，对比是否一致，若不一致，则数据无效
  82          // 版本: V1.0, 2020.03.09
  83          //========================================================================
  84          unsigned char Check_Protocol(unsigned char *Buf,unsigned int Buf_len)
  85          {
  86   1        unsigned char Check_protocol_flag=0;
  87   1        //将原BUF的校验和提取
  88   1        unsigned char old_checksum=Buf[Buf_len-1];
  89   1        unsigned char new_checksum=0x00;
  90   1        //计算新的校验和并赋值给new_checksum
  91   1        new_checksum=Calculate_Checksum(Buf,Buf_len);
  92   1        //比较原校验和与新校验和是否一致
  93   1        if(new_checksum==old_checksum){Check_protocol_flag=1;}  
  94   1        return Check_protocol_flag;
  95   1      }
  96          
  97          //========================================================================
  98          // 函数: void Data_Encapsulation(unsigned char *Buf,unsigned int Buf_len,unsigned char order,sn,action)
  99          // 描述: 根据需要，打包数据并发送
 100          // 参数: *Buf:字符数组,Buf_len:数组实际长度
 101          // 返回: 无
 102          // 说明：无
 103          // 版本: V1.0, 2020.03.09
 104          //========================================================================
 105          void Data_Encapsulation(unsigned char *Buf,unsigned int Buf_len,unsigned char order,sn,action)
 106          {
 107   1          //判断是否询问产品信息
 108   1          if(Buf_len!=sizeof(Device_information))
 109   1          {
 110   2            switch(Buf_len)
 111   2            {
 112   3              case 9: Buf[3]=0x05;break;
 113   3              case 10:Buf[3]=0x06;break;
 114   3              case 11:Buf[3]=0x07;break;
 115   3              case 12:Buf[3]=0x08;break;
 116   3              case 14:Buf[3]=0x0A;Buf[9]=(P1 >> 4 &0X0F);Buf[10]=1;Buf[11]=0x00;Buf[12]=0x00;break;
C51 COMPILER V9.60.0.0   MCU_METHOD                                                        08/08/2020 19:38:27 PAGE 3   

 117   3            }
 118   2            Buf[4]=order;
 119   2            Buf[5]=sn;
 120   2            if(Buf_len!=9){Buf[8]=action;}
 121   2          }
 122   1          //计算校验和
 123   1          Buf[Buf_len-1]=Calculate_Checksum(Buf,Buf_len);
 124   1          //串口1回复数据
 125   1          SendString1(Buf,Buf_len);
 126   1          //串口2转发发送数据
 127   1          Printf(1,Buf,Buf_len);
 128   1      }
 129          //========================================================================
 130          // 函数: void IsConnect_wifi()
 131          // 描述: 判断是否接收到心跳包，如果没有接收到表示，连接wifi失败
 132          // 参数: *Buf:字符数组,Buf_len:数组实际长度
 133          // 返回: 无
 134          // 说明：无
 135          // 版本: V1.0, 2020.03.09
 136          //========================================================================
 137          void IsConnect_wifi()
 138          {
 139   1        if((Wifi_flag==1)&&(Timer0_Count==0)){TR0=1;}
 140   1        //超过一分钟还未收到心跳包，即单片机与wifi模块失去联系
 141   1        if(Timer0_Count>=12000){
 142   2            TR0=0;Timer0_Count=0;
 143   2            Wifi_flag=0x00;
 144   2            Net_flag=0;
 145   2            Phone_flag=0;
 146   2            OLED_CLS_Local(0,2,X_WIDTH,Y_WIDTH);
 147   2            OLED_P6x8Str(36,4,"Wifi loss!");
 148   2        }
 149   1      }
 150          //========================================================================
 151          // 函数: void Printf(unsigned char flag,unsigned char *Buf,unsigned int len)
 152          // 描述: UART2输出
 153          // 参数: *Buf:字符数组,Buf_len:数组实际长度
 154          // 返回: 无
 155          // 说明：无
 156          // 版本: V1.0, 2020.03.09
 157          //========================================================================
 158          void Printf(unsigned char flag,unsigned char *Buf,unsigned int len)
 159          {
 160   1        unsigned char Buf_HEX[RX1_Length]={0};
 161   1        switch(flag)
 162   1        {
 163   2          case 0:
 164   2                SendString2("RX:",3);
 165   2            break;
 166   2          case 1:
 167   2                SendString2("TX:",3);
 168   2            break;
 169   2        }
 170   1        HexToAscii(Buf_HEX,Buf,len);
 171   1        SendString2(Buf_HEX,(len*3-1));
 172   1        SendString2("\r\n",2);
 173   1      }
 174          //========================================================================
 175          // 函数: void HexToAscii(unsigned char *Buf_Dest,unsigned char *Buf_Src,unsigned int Buf_len)
 176          // 描述: Hex转Ascii
 177          // 参数: Buf_Dest:目标字符集,Buf_Src:原字符集,Buf_len:原字符集实际长度;
 178          // 返回: 无
C51 COMPILER V9.60.0.0   MCU_METHOD                                                        08/08/2020 19:38:27 PAGE 4   

 179          // 说明：无
 180          // 版本: V1.0, 2020.03.09
 181          //========================================================================
 182          void HexToAscii(unsigned char *Buf_Dest,unsigned char *Buf_Src,unsigned int Buf_len)
 183          {
 184   1        unsigned char Nibble[3]={0};
 185   1        unsigned char Buffer[RX1_Length]={0};
 186   1        int i = 0,j=0;
 187   1        for(i=0;i<Buf_len;i++)
 188   1        {
 189   2        
 190   2          Nibble[0]=Buf_Src[i] >> 4 & 0X0F;
 191   2          Nibble[1]=Buf_Src[i] & 0x0F;
 192   2          for(j=0;j<sizeof(Nibble)-1;j++)
 193   2          {
 194   3            if((Nibble[j]>=0x00)&&(Nibble[j]<0x0A)){Nibble[j]=Nibble[j]+'0';}
 195   3            else if((Nibble[j]>=0x0A)&&(Nibble[j]<=0x0F)){Nibble[j]=Nibble[j]-10+'A';}
 196   3            else{return;}
 197   3          }
 198   2          if(i<(Buf_len-1)){Nibble[2]=' ';}
 199   2          else{Nibble[2]='\0';}
 200   2          memcpy(Buffer+i*sizeof(Nibble),Nibble,sizeof(Nibble));
 201   2        }
 202   1        memcpy(Buf_Dest,Buffer,sizeof(Nibble)*Buf_len);
 203   1        return ;
 204   1      }
 205          /*
 206          //========================================================================
 207          // 函数: void IntToHEX(unsigned char* str,int number)
 208          // 描述: 十进制转十六进制
 209          // 参数: str:目标字符集,number:十进制数字
 210          // 返回: 无
 211          // 说明：无
 212          // 版本: V1.0, 2020.03.09
 213          //========================================================================
 214          void IntToHEX(unsigned char* str,int number)
 215          {
 216              unsigned char i=0,j=0,CLen=0,index=0,RLen=0,TRlen=0;
 217              unsigned char tmp[16]={0};
 218              if(number==0){ str[0]=0x00;return;}
 219              while (number!=0)
 220              {
 221                  i = number%2;
 222                  number /= 2;
 223                  tmp[index++] = i+48;
 224              }
 225              RLen=strlen(tmp);
 226              if(RLen%8==0){CLen=RLen/8;}else{CLen=RLen/8+1;}
 227              for(i=0;i<CLen;i++)
 228              {
 229                  if(i==(CLen-1)){TRlen=RLen%8;}
 230                  else{TRlen=8;}
 231                  index=i*8;
 232                  for(j=0;j<TRlen;j++){
 233                      str[i]= ((tmp[index*i+j]-0x30) << j | str[i]);
 234                  }
 235              }
 236          }
 237          
 238          //========================================================================
 239          // 函数: void AsciiToHex(unsigned char *Buf_Dest,unsigned char *Buf_Src,unsigned int Buf_len)
 240          // 描述: ASCII转HEX
C51 COMPILER V9.60.0.0   MCU_METHOD                                                        08/08/2020 19:38:27 PAGE 5   

 241          // 参数: Buf_Dest:目标字符集,Buf_Src:原字符集,Buf_len:原字符集实际长度;
 242          // 返回: 无
 243          // 说明：无
 244          // 版本: V1.0, 2020.03.09
 245          //========================================================================
 246          void AsciiToHex(unsigned char *Buf_Dest,unsigned char *Buf_Src,unsigned int Buf_len)
 247          {
 248            unsigned int nHexLen = (Buf_len+1) / 3;
 249            unsigned char Nibble[3] = {0};
 250            unsigned int i = 0,j=0;
 251            if ((Buf_len+1)%3){return;}
 252            for (i = 0; i < nHexLen; i ++)
 253            {
 254              Nibble[0] = *Buf_Src ++;    
 255              Nibble[1] = *Buf_Src ++;
 256              if(i!=(nHexLen-1)){Nibble[2] = *Buf_Src ++;}
 257              for (j = 0; j < (sizeof(Nibble)-1); j ++)
 258              {
 259                if (Nibble[j] <= 'F' && Nibble[j] >= 'A')
 260                  Nibble[j] = Nibble[j] - 'A' + 10;
 261                else if (Nibble[j] <= 'f' && Nibble[j] >= 'a')
 262                  Nibble[j] = Nibble[j] - 'a' + 10;
 263                else if (Nibble[j] >= '0' && Nibble[j] <= '9')
 264                  Nibble [j] = Nibble[j] - '0';
 265                else
 266                  return ;//Nibble[j] = Nibble[j] - 'a' + 10;
 267                
 268              } // for (int j = ...)
 269              Buf_Dest[i] = Nibble[0] << 4; // Set the high nibble
 270              Buf_Dest[i] |= Nibble[1]; //Set the low nibble
 271            } // for (int i = ...)
 272            return;
 273          }
 274          */


MODULE INFORMATION:   STATIC OVERLAYABLE
   CODE SIZE        =   1299    ----
   CONSTANT SIZE    =    537    ----
   XDATA SIZE       =   ----     555
   PDATA SIZE       =   ----    ----
   DATA SIZE        =   ----    ----
   IDATA SIZE       =   ----    ----
   BIT SIZE         =   ----    ----
END OF MODULE INFORMATION.


C51 COMPILATION COMPLETE.  0 WARNING(S),  0 ERROR(S)
