C51 COMPILER V9.60.0.0   MCU_HAND_UART                                                     11/24/2020 20:34:40 PAGE 1   


C51 COMPILER V9.60.0.0, COMPILATION OF MODULE MCU_HAND_UART
OBJECT MODULE PLACED IN .\Objects\MCU_Hand_Uart.obj
COMPILER INVOKED BY: D:\Keil5\C51\BIN\C51.EXE MCU_Hand_Uart.c LARGE OPTIMIZE(8,SPEED) BROWSE DEBUG OBJECTEXTEND PRINT(.\
                    -Listings\MCU_Hand_Uart.lst) TABS(2) OBJECT(.\Objects\MCU_Hand_Uart.obj)

line level    source

   1          #include "MCU_Hand_Uart.h"
   2          
   3          //数据包序号
   4          unsigned char Sn = 0x00;
   5          
   6          
   7          //========================================================================
   8          // 函数: void UART_Receive_Processing()
   9          // 描述: UART1接收处理函数
  10          // 参数: 无
  11          // 返回: 无
  12          // 版本: V1.0, 2020.04.24
  13          //========================================================================
  14          void UART_Receive_Processing()
  15          {
  16   1          //校验接收数据的合法性
  17   1          if(Uart_Pretreatment()) {
  18   2              //无线模块连接标记位
  19   2              Wifi_flag = 0x01;
  20   2              //获取包序号并赋值给Sn
  21   2              Sn = RX1_Buffer[5];
  22   2              switch(RX1_Buffer[4]) {
  23   3              //WiFi模组获取设备信息
  24   3              case 0x01:
  25   3                  Data_Encapsulation(Device_information, sizeof(Device_information), 0x00, Sn, 0x00);
  26   3                  break;
  27   3              //WiFi模组控制设备,读取设备的当前状态
  28   3              case 0x03:
  29   3                  //WiFi模 组 控 制 设 备
  30   3                  if(RX1_Buffer[8] == 0x01) {
  31   4                      //收到数据后，mcu控制设备函数
  32   4                      MCU_Application_Control(RX1_Buffer);
  33   4                      Data_Encapsulation(Mcu_send, 9, 0x04, Sn, 0x00);
  34   4                      //MCU主动上报当前状态
  35   4                      Sn = Sn + 0x01;
  36   4                      Data_Encapsulation(Mcu_send, 14, 0x05, Sn, 0x04);
  37   4                      MCU_OLED_StatusChange(RX1_Buffer[9]);
  38   4                  }
  39   3                  // WiFi模 组 读 取 设 备 的 当 前 状 态
  40   3                  if(RX1_Buffer[8] == 0x02) {
  41   4                      Data_Encapsulation(Mcu_send, 14, 0x04, Sn, 0x03);
  42   4                  }
  43   3                  break;
  44   3              //MCU主动上报当前状态WIFI模组回复
  45   3              case 0x06:
  46   3                  break;
  47   3              //WiFi模组向MCU发送心跳
  48   3              case 0x07:
  49   3                  //关闭定时器，将计数器置0
  50   3                  TR0 = 0;
  51   3                  Timer0_Count = 0;
  52   3                  Data_Encapsulation(Mcu_send, 9, 0x08, Sn, 0x00);
  53   3                  //打开定时器
  54   3                  TR0 = 1;
C51 COMPILER V9.60.0.0   MCU_HAND_UART                                                     11/24/2020 20:34:40 PAGE 2   

  55   3                  break;
  56   3              //通知WIFI模组进入配置模式后接收WIFI模组回复
  57   3              case 0x0a:
  58   3                  //OLED_CLS_Local(0,2,X_WIDTH,Y_WIDTH);
  59   3                  //OLED_P6x8Str(2,2,"Enter Wifi Config!");
  60   3                  break;
  61   3              //重置WiFi模组后接收WIFI模组回复
  62   3              case 0x0c:
  63   3                  //OLED_CLS_Local(0,2,X_WIDTH,Y_WIDTH);
  64   3                  //OLED_P6x8Str(2,2,"Wifi Reset Success!");
  65   3                  break;
  66   3              //WiFi模组向MCU推送WiFi状态
  67   3              case 0x0d:
  68   3                  //将手机连接标志位，网络连接标志位初始化
  69   3                  Phone_flag = 0;
  70   3                  Net_flag = 0;
  71   3                  //展示WiFi连接信息
  72   3                  MCU_OLED_MessageShow(RX1_Buffer[4], RX1_Buffer[8], RX1_Buffer[9]);
  73   3                  if(RX1_Buffer[8] >= 0x00 && RX1_Buffer[8] <= 0x07 ) {
  74   4                      Net_flag = 1;
  75   4                  }
  76   3                  if(RX1_Buffer[8] >= 0x08 && RX1_Buffer[8] <= 0x0F ) {
  77   4                      Net_flag = 1;
  78   4                      Phone_flag = 1;
  79   4                  }
  80   3                  //展示产品连接信息
  81   3                  MCU_OLED_StatusChange(0x00);
  82   3                  Data_Encapsulation(Mcu_send, 9, 0x0e, Sn, 0x00);
  83   3                  break;
  84   3              case 0x0f:
  85   3                  Data_Encapsulation(Mcu_send, 9, 0x10, Sn, 0x00);
  86   3                  break;
  87   3              //WiFi模组非法数据包通知
  88   3              case 0x11:
  89   3                  Data_Encapsulation(Mcu_send, 10, 0x12, Sn, RX1_Buffer[8]);
  90   3                  break;
  91   3              //MCU请求WiFi进入可绑定模式，WiFi模组回复
  92   3              case 0x16:
  93   3                  break;
  94   3              //MCU请求获取网络时间，WiFi模组回复
  95   3              case 0x18:
  96   3                  break;
  97   3              case 0x2a:
  98   3                  //MCU请求WiFi重启，WiFi模组回复
  99   3                  break;
 100   3              }
 101   2              RST_Uart_Timer();
 102   2          }
 103   1      }
 104          //========================================================================
 105          // 函数: void UART_Send_Processing()
 106          // 描述: UART1发送处理函数
 107          // 参数: 无
 108          // 返回: 无
 109          // 版本: V1.0, 2020.04.24
 110          //========================================================================
 111          void UART_Send_Processing()
 112          {
 113   1      
 114   1          unsigned char flag = 0;
 115   1          //  配置WiFi模式(Soft模式)  **/
 116   1          if(Set_soft_flag == 0)      {
C51 COMPILER V9.60.0.0   MCU_HAND_UART                                                     11/24/2020 20:34:40 PAGE 3   

 117   2              Delay_ms(10);
 118   2              if(Set_soft_flag == 0)      {
 119   3                  flag = 0x01;
 120   3              }
 121   2          }
 122   1          //  配置WiFi模式(AP模式)  **/
 123   1          if(Set_AP_flag == 0)        {
 124   2              Delay_ms(10);
 125   2              if(Set_AP_flag == 0)        {
 126   3                  flag = 0x02;
 127   3              }
 128   2          }
 129   1          //  重置WiFi信息  **/
 130   1          if(Reset_message_flag == 0) {
 131   2              Delay_ms(10);
 132   2              if(Reset_message_flag == 0) {
 133   3                  flag = 0x03;
 134   3              }
 135   2          }
 136   1          //  WiFi进入可绑定模式  **/
 137   1          if(Bindable_wifi_flag == 0) {
 138   2              Delay_ms(10);
 139   2              if(Bindable_wifi_flag == 0) {
 140   3                  flag = 0x04;
 141   3              }
 142   2          }
 143   1          //   重启WiFi模组   **/
 144   1          if(Restart_wifi_flag == 0)  {
 145   2              Delay_ms(10);
 146   2              if(Restart_wifi_flag == 0)  {
 147   3                  flag = 0x05;
 148   3              }
 149   2          }
 150   1          if(flag != 0 && Wifi_flag == 1) {
 151   2              if(flag <= 0x05) {
 152   3                  OLED_CLS_Local(0, 2, X_WIDTH, Y_WIDTH);
 153   3              }
 154   2              if(Sn != 0x00) {
 155   3                  Sn = Sn + 0x01;
 156   3              }
 157   2              switch(flag) {
 158   3              //  配置WiFi模式(Soft模式)  **/
 159   3              case 0x01:
 160   3                  OLED_P6x8Str(2, 2, "Configure Wifi:Soft");
 161   3                  Data_Encapsulation(Mcu_send, 10, 0x09, Sn, 0x01);
 162   3                  break;
 163   3              //  配置WiFi模式(AP模式)  **/
 164   3              case 0x02:
 165   3                  OLED_P6x8Str(2, 2, "Configure Wifi:AP");
 166   3                  Data_Encapsulation(Mcu_send, 10, 0x09, Sn, 0x02);
 167   3                  break;
 168   3              //  重置WiFi信息  **/
 169   3              case 0x03:
 170   3                  OLED_P6x8Str(2, 2, "Reset Wifi!");
 171   3                  Data_Encapsulation(Mcu_send, 9, 0x0b, Sn, 0x00);
 172   3                  break;
 173   3              //  WiFi进入可绑定模式  **/
 174   3              case 0x04:
 175   3                  OLED_P6x8Str(2, 2, "Enter bindable mode!");
 176   3                  Data_Encapsulation(Mcu_send, 9, 0x15, Sn, 0x00);
 177   3                  break;
 178   3              //   重启WiFi模组   **/
C51 COMPILER V9.60.0.0   MCU_HAND_UART                                                     11/24/2020 20:34:40 PAGE 4   

 179   3              case 0x05:
 180   3                  OLED_P6x8Str(2, 2, "Restart Wifi!");
 181   3                  Data_Encapsulation(Mcu_send, 9, 0x29, Sn, 0x00);
 182   3                  break;
 183   3              }
 184   2              while(Set_soft_flag == 0 || Set_AP_flag == 0 || Reset_message_flag == 0 || Bindable_wifi_flag == 0
             - || Restart_wifi_flag == 0);
 185   2          }
 186   1      }


MODULE INFORMATION:   STATIC OVERLAYABLE
   CODE SIZE        =    972    ----
   CONSTANT SIZE    =     85    ----
   XDATA SIZE       =      1       1
   PDATA SIZE       =   ----    ----
   DATA SIZE        =   ----    ----
   IDATA SIZE       =   ----    ----
   BIT SIZE         =   ----    ----
END OF MODULE INFORMATION.


C51 COMPILATION COMPLETE.  0 WARNING(S),  0 ERROR(S)
