C51 COMPILER V9.60.0.0   MCU_METHOD                                                        05/31/2020 15:59:08 PAGE 1   


C51 COMPILER V9.60.0.0, COMPILATION OF MODULE MCU_METHOD
OBJECT MODULE PLACED IN .\Objects\MCU_Method.obj
COMPILER INVOKED BY: D:\Keil5\C51\BIN\C51.EXE MCU_Method.c OPTIMIZE(8,SPEED) BROWSE DEBUG OBJECTEXTEND PRINT(.\Listings\
                    -MCU_Method.lst) TABS(2) OBJECT(.\Objects\MCU_Method.obj)

line level    source

   1          #include "MCU_Method.h"
   2          
   3          //========================================================================
   4          // 函数: void Delay_ms(unsigned int time)
   5          // 描述: 软件延时函数
   6          // 参数: time:延时时间
   7          // 返回: 无
   8          // 说明：单片机频率不同，延时效果不同
   9          // 版本: V1.0, 2020.03.09
  10          //========================================================================
  11          void Delay_ms(unsigned int time)
  12          {
  13   1        unsigned int x,y;
  14   1        for(x=time;x>0;x--)
  15   1          for(y=110;y>0;y--);
  16   1      }


MODULE INFORMATION:   STATIC OVERLAYABLE
   CODE SIZE        =     30    ----
   CONSTANT SIZE    =   ----    ----
   XDATA SIZE       =   ----    ----
   PDATA SIZE       =   ----    ----
   DATA SIZE        =   ----    ----
   IDATA SIZE       =   ----    ----
   BIT SIZE         =   ----    ----
END OF MODULE INFORMATION.


C51 COMPILATION COMPLETE.  0 WARNING(S),  0 ERROR(S)
