C51 COMPILER V9.60.0.0   MCU_HAND_UART                                                     12/14/2020 21:29:30 PAGE 1   


C51 COMPILER V9.60.0.0, COMPILATION OF MODULE MCU_HAND_UART
OBJECT MODULE PLACED IN .\Objects\MCU_Hand_Uart.obj
COMPILER INVOKED BY: D:\Keil5\C51\BIN\C51.EXE ..\..\..\..\..\Example\MCU_Hand_Uart.c LARGE OPTIMIZE(8,SPEED) BROWSE DEBU
                    -G OBJECTEXTEND PRINT(.\Listings\MCU_Hand_Uart.lst) TABS(2) OBJECT(.\Objects\MCU_Hand_Uart.obj)

line level    source

   1          #include "MCU_Hand_Uart.h"
   2          
   3          unsigned char ConfigWifiMode = 0x00;
   4          
   5          //========================================================================
   6          // 函数: unsigned char Uart_Prereception_Layer()
   7          // 描述: 数据接收预处理函数
   8          // 参数: 无
   9          // 返回: 无
  10          // 说明：此函数主要处理，接收字符串，并校验字符串
  11          // 版本: V1.0, 2020.03.09
  12          //========================================================================
  13          unsigned char Uart_Prereception_Layer()
  14          {
  15   1          //Check_protocol_flag表示接收数据是否有效标记位
  16   1          unsigned char Check_protocol_flag = 0;
  17   1          if(RX1_len > 0 && !B_TX1_Busy && RX1_Buffer[0] == 0xFF) {
  18   2              if(RX1_len > 2) {
  19   3                  if(RX1_Buffer[1] == 0xFF) {
  20   4                      if(RX1_len > (MinOrder + 5)) {
  21   5                          UART_BUF_Init();
  22   5                      }
  23   4                      if((RX1_Buffer[2] * 16 * 16 + RX1_Buffer[3] + 4) == RX1_len) {
  24   5                          Check_protocol_flag = Check_Protocol(RX1_Buffer, RX1_len);
  25   5                          if(!Check_protocol_flag) {
  26   6                              UART_BUF_Init();
  27   6                          }
  28   5                      }
  29   4                  } else {
  30   4                      UART_BUF_Init();
  31   4                  }
  32   3              }
  33   2          } else {
  34   2              UART_BUF_Init();
  35   2          }
  36   1          return Check_protocol_flag;
  37   1      }
  38          
  39          //========================================================================
  40          // 函数: void Uart_Transmission_Layer(unsigned int Buf_len,unsigned char order,sn,action)
  41          // 描述: 串口数据发送处理函数
  42          // 参数: Buf_len:发送数组实际长度;order:协议命令标记;action:协议action标记
  43          // 返回: 无
  44          // 说明：无
  45          // 版本: V1.0, 2020.03.09
  46          //========================================================================
  47          void Uart_Transmission_Layer(unsigned int Buf_len, unsigned char order, action)
  48          {
  49   1          unsigned char Buf[116] = {0};
  50   1          unsigned char *tmp=NULL;
  51   1          if(Buf_len<MinOrder){return;}
  52   1          memcpy(Buf, PublicAgreement, sizeof(PublicAgreement));
  53   1          tmp=Buf+sizeof(PublicAgreement)-1;
  54   1          Buf[3] = Buf_len - 4;
C51 COMPILER V9.60.0.0   MCU_HAND_UART                                                     12/14/2020 21:29:30 PAGE 2   

  55   1          Buf[4] = order;
  56   1          Buf[5] = Sn;
  57   1          Buf[8] = action;
  58   1          //上传设备信息
  59   1          if(order == 0x02) {
  60   2              memcpy(tmp,SerialProVersion,sizeof(SerialProVersion));
  61   2              tmp=tmp+sizeof(SerialProVersion);
  62   2              memcpy(tmp,BusinessProVersion,sizeof(BusinessProVersion));
  63   2              tmp=tmp+sizeof(BusinessProVersion);
  64   2              memcpy(tmp,HardVersion,sizeof(HardVersion));
  65   2              tmp=tmp+sizeof(HardVersion);
  66   2              memcpy(tmp,SoftVersion,sizeof(SoftVersion));
  67   2              tmp=tmp+sizeof(SoftVersion);
  68   2              memcpy(tmp,ProductKey,sizeof(ProductKey));
  69   2              tmp=tmp+sizeof(ProductKey)+2;
  70   2              memcpy(tmp,DeviceAttributes,sizeof(DeviceAttributes));
  71   2              tmp=tmp+sizeof(DeviceAttributes);
  72   2              memcpy(tmp,ProductSecert,sizeof(ProductSecert));
  73   2          }
  74   1          //上传设备状态
  75   1          if((order == 0x04 && action == 0x03) || (order == 0x05 && action == 0x04)) {
  76   2              Buf[9] = P1 >> 4 & 0X0F;
  77   2              Buf[10] = 0;
  78   2              Buf[11] = 0x00;
  79   2              Buf[12] = 0x00;
  80   2          }
  81   1          //计算校验和
  82   1          Buf[Buf_len - 1] = Calculate_Checksum(Buf, Buf_len);
  83   1          //串口1回复数据
  84   1          SendString1(Buf, Buf_len);
  85   1      }
  86          
  87          //========================================================================
  88          // 函数: void IsConnect_wifi()
  89          // 描述: 判断是否接收到心跳包，如果没有接收到表示，连接wifi失败
  90          // 参数: *Buf:字符数组,Buf_len:数组实际长度
  91          // 返回: 无
  92          // 说明：无
  93          // 版本: V1.0, 2020.03.09
  94          //========================================================================
  95          void IsConnect_wifi()
  96          {
  97   1          //说明wifi模块已经连接成功，开启定时器
  98   1          if((Wifi_flag == 1) && (Timer0_Count == 0)) {
  99   2              TR0 = 1;
 100   2          }
 101   1          //超过三分钟还未收到心跳包，即单片机与wifi模块失去联系
 102   1          //定时器的时间为5ms
 103   1          if(Timer0_Count >= 36000) {
 104   2              TR0 = 0;            //定时器0 初始化关闭
 105   2              Timer0_Count = 0;   //定时器0计数位
 106   2              Wifi_flag = 0x00;   //wifi连接模块标记位初始化
 107   2              Net_flag = 0;       //网络标记位初始化
 108   2              Phone_flag = 0;     //手机连接标记位初始化
 109   2              OLED_CLS_Local(0, 2, X_WIDTH, Y_WIDTH);
 110   2              OLED_P6x8Str(36, 4, "Wifi loss!");
 111   2          }
 112   1      }
 113          
 114          //========================================================================
 115          // 函数: void UART_Send_Servvice_Layer()
 116          // 描述: UART1发送业务处理函数
C51 COMPILER V9.60.0.0   MCU_HAND_UART                                                     12/14/2020 21:29:30 PAGE 3   

 117          // 参数: 无
 118          // 返回: 无
 119          // 版本: V1.0, 2020.04.24
 120          //========================================================================
 121          void UART_Send_Servvice_Layer()
 122          {
 123   1          if(Set_soft_flag == 0 || Set_AP_flag == 0 || Reset_message_flag == 0 || Bindable_wifi_flag == 0 || Res
             -tart_wifi_flag == 0) {
 124   2              Delay_ms(10);
 125   2              OLED_CLS_Local(0, 2, X_WIDTH, Y_WIDTH);
 126   2              if(Sn != 0x00) {
 127   3                  Sn = Sn + 0x01;
 128   3              }
 129   2              //  配置WiFi模式(Soft模式)
 130   2              if(Set_soft_flag == 0) {
 131   3                  ConfigWifiMode = 0x01;
 132   3                  Uart_Transmission_Layer(10, 0x09, ConfigWifiMode);
 133   3              }
 134   2              //  配置WiFi模式(AP模式)
 135   2              if(Set_AP_flag == 0)        {
 136   3                  ConfigWifiMode = 0x02;
 137   3                 Uart_Transmission_Layer(10, 0x09, ConfigWifiMode);
 138   3              }
 139   2              //  重置WiFi信息
 140   2              if(Reset_message_flag == 0) {
 141   3                 Uart_Transmission_Layer(9, 0x0b, 0x00);
 142   3              }
 143   2              //  WiFi进入可绑定模式
 144   2              if(Bindable_wifi_flag == 0) {
 145   3                 Uart_Transmission_Layer(9, 0x15, 0x00);
 146   3              }
 147   2              //   重启WiFi模组
 148   2              if(Restart_wifi_flag == 0)  {
 149   3                 Uart_Transmission_Layer(9, 0x29, 0x00);
 150   3              }
 151   2              while(Set_soft_flag == 0 || Set_AP_flag == 0 || Reset_message_flag == 0 || Bindable_wifi_flag == 0
             - || Restart_wifi_flag == 0);
 152   2          }
 153   1        
 154   1      }
 155          
 156          //========================================================================
 157          // 函数: void UART_Receive_Service_Layer()
 158          // 描述: UART1接收业务处理函数
 159          // 参数: 无
 160          // 返回: 无
 161          // 版本: V1.0, 2020.04.24
 162          //========================================================================
 163          void UART_Receive_Service_Layer()
 164          {
 165   1        
 166   1        //校验接收数据的合法性
 167   1          if(Uart_Prereception_Layer()) {
 168   2              //获取包序号并赋值给Sn
 169   2              Sn = RX1_Buffer[5];
 170   2              switch(RX1_Buffer[4]) {
 171   3              //WiFi模组获取设备信息
 172   3              case 0x01:
 173   3                  Uart_Transmission_Layer(115, RX1_Buffer[4] + 1, 0x00);
 174   3                  break;
 175   3              //WiFi模组控制设备,读取设备的当前状态
 176   3              case 0x03:
C51 COMPILER V9.60.0.0   MCU_HAND_UART                                                     12/14/2020 21:29:30 PAGE 4   

 177   3                  //WiFi模 组 控 制 设 备
 178   3                  if(RX1_Buffer[8] == 0x01) {
 179   4                      //收到数据后，mcu控制设备函数
 180   4                      MCU_Application_Control(RX1_Buffer);
 181   4                      Uart_Transmission_Layer(9, RX1_Buffer[4] + 1, 0x00);
 182   4                      //MCU主动上报当前状态
 183   4                      Sn = Sn + 0x01;
 184   4                      Uart_Transmission_Layer(14, RX1_Buffer[4] + 2, 0x04);
 185   4                      MCU_OLED_StatusChange(RX1_Buffer[9]);
 186   4                  }
 187   3                  // WiFi模 组 读 取 设 备 的 当 前 状 态
 188   3                  if(RX1_Buffer[8] == 0x02) {
 189   4                      Uart_Transmission_Layer(14, RX1_Buffer[4] + 1, RX1_Buffer[8] + 1);
 190   4                  }
 191   3                  break;
 192   3              //MCU主动上报当前状态WIFI模组回复
 193   3              case 0x06:
 194   3                  break;
 195   3              //WiFi模组向MCU发送心跳
 196   3              case 0x07:
 197   3                  Wifi_flag = 0x01;
 198   3                  //关闭定时器，将计数器置0
 199   3                  TR0 = 0;
 200   3                  Timer0_Count = 0;
 201   3                  Uart_Transmission_Layer(9, RX1_Buffer[4] + 1, 0x00);
 202   3                  //打开定时器
 203   3                  TR0 = 1;
 204   3                  break;
 205   3              //通知WIFI模组进入配置模式后接收WIFI模组回复
 206   3              case 0x0a:
 207   3                  if(ConfigWifiMode == 0x01) {
 208   4                      OLED_P6x8Str(2, 2, "Configure Wifi:Soft");
 209   4                  } else {
 210   4                      OLED_P6x8Str(2, 2, "Configure Wifi:AP");
 211   4                  }
 212   3                  break;
 213   3              //重置WiFi模组后接收WIFI模组回复
 214   3              case 0x0c:
 215   3                  OLED_P6x8Str(2, 2, "Reset Wifi!");
 216   3                  break;
 217   3              //WiFi模组向MCU推送WiFi状态
 218   3              case 0x0d:
 219   3                  //将手机连接标志位，网络连接标志位初始化
 220   3                  Phone_flag = 0;
 221   3                  Net_flag = 0;
 222   3                  Wifi_flag = 0x01;
 223   3                  //展示WiFi连接信息
 224   3                  MCU_WIFI_MessageShow(RX1_Buffer[4], RX1_Buffer[8], RX1_Buffer[9]);
 225   3                  if(RX1_Buffer[8] >= 0x00 && RX1_Buffer[8] <= 0x07 ) Net_flag = 1;
 226   3                  if(RX1_Buffer[8] >= 0x08 && RX1_Buffer[8] <= 0x0F ) {
 227   4                      Net_flag = 1;
 228   4                      Phone_flag = 1;
 229   4                  }
 230   3                  //如果有手机连接 展示产品连接信息
 231   3                  MCU_OLED_StatusChange(0x00);
 232   3                  Uart_Transmission_Layer(9, RX1_Buffer[4] + 1, 0x00);
 233   3                  break;
 234   3              case 0x0f:
 235   3                  Uart_Transmission_Layer(9, RX1_Buffer[4] + 1, 0x00);
 236   3                  break;
 237   3              //WiFi模组非法数据包通知
 238   3              case 0x11:
C51 COMPILER V9.60.0.0   MCU_HAND_UART                                                     12/14/2020 21:29:30 PAGE 5   

 239   3                  Uart_Transmission_Layer(10, RX1_Buffer[4] + 1, RX1_Buffer[8]);
 240   3                  break;
 241   3              //MCU请求WiFi进入可绑定模式，WiFi模组回复
 242   3              case 0x16:
 243   3                  OLED_P6x8Str(2, 2, "Enter bindable mode!");
 244   3                  break;
 245   3              //MCU请求获取网络时间，WiFi模组回复
 246   3              case 0x18:
 247   3                  break;
 248   3              //MCU请求WiFi重启，WiFi模组回复
 249   3              case 0x2a:
 250   3                  OLED_P6x8Str(2, 2, "Restart Wifi!");
 251   3                  break;
 252   3              }
 253   2              UART_BUF_Init();
 254   2          }
 255   1          
 256   1      }


MODULE INFORMATION:   STATIC OVERLAYABLE
   CODE SIZE        =   1309    ----
   CONSTANT SIZE    =    212    ----
   XDATA SIZE       =      1     125
   PDATA SIZE       =   ----    ----
   DATA SIZE        =   ----    ----
   IDATA SIZE       =   ----    ----
   BIT SIZE         =   ----    ----
END OF MODULE INFORMATION.


C51 COMPILATION COMPLETE.  0 WARNING(S),  0 ERROR(S)
